cargo :    Compiling im-ws v0.1.0 (C:\toly\Project\AIGC
\flash_im_v1\server\modules\im-ws)
所在位置 行:1 字符: 1
+ cargo build 2>&1 | Out-File -FilePath build_output.tx
t -Encoding utf8
+ ~~~~~~~~~~~~~~~~
    + CategoryInfo          : NotSpecified: (   Compil 
   ing im...\modules\im-ws):String) [], RemoteExcepti  
  on
    + FullyQualifiedErrorId : NativeCommandError
 
   Compiling im-message v0.1.0 (C:\toly\Project\AIGC\fl
ash_im_v1\server\modules\im-message)
   Compiling im-friend v0.1.0 (C:\toly\Project\AIGC\fla
sh_im_v1\server\modules\im-friend)
   Compiling im-group v0.1.0 (C:\toly\Project\AIGC\flas
h_im_v1\server\modules\im-group)
   Compiling flash-im v0.1.0 (C:\toly\Project\AIGC\flas
h_im_v1\server)
    Finished `dev` profile [unoptimized + debuginfo] ta
rget(s) in 18.92s
